<html>
<body>
<pre>
<h1>µVision Build Log</h1>
<h2>Project:</h2>
C:\Users\LG_Computer\Desktop\Project\Pill Box\pill_box.uvproj
Project File Date:  08/17/2015

<h2>Output:</h2>
Build target 'PillBox'
compiling main.c...
linking...
Program Size: Code=11424 RO-data=512 RW-data=84 ZI-data=1636  
FromELF: creating hex file...
".\Hex\pill_box.axf" - 0 Error(s), 0 Warning(s).
Load "C:\\Users\\LG_Computer\\Desktop\\Project\\Pill Box\\Hex\\pill_box.axf" 
Erase Done.
Programming Done.
Verify OK.
Application running ...
</pre>
</body>
</html>
romELF: creating hex file...
".\Hex\pill_box.axf" - 0 Error(s), 2 Warning(s).
