<html>
<body>
<pre>
<h1>µVision Build Log</h1>
<h2>Project:</h2>
C:\Users\LG_Computer\Desktop\Project\Pill Box\pill_box.uvproj
Project File Date:  08/17/2015

<h2>Output:</h2>
Build target 'PillBox'
compiling main.c...
src\main.c(11): warning:  #1295-D: Deprecated declaration init_USART1 - give arg types
  void init_USART1();
src\main.c(94): warning:  #223-D: function "strcmp" declared implicitly
                        if(strcmp(received_string,ledOn) == 0){
src\main.c: 2 warnings, 0 errors
linking...
Program Size: Code=7776 RO-data=544 RW-data=88 ZI-data=1664  
FromELF: creating hex file...
".\Hex\pill_box.axf" - 0 Error(s), 2 Warning(s).
Load "C:\\Users\\LG_Computer\\Desktop\\Project\\Pill Box\\Hex\\pill_box.axf" 
Erase Done.
Programming Done.
Verify OK.
Application running ...
</pre>
</body>
</html>
